Archive member included because of file (symbol)

c:/winavr-20100110/bin/../lib/gcc/avr/4.3.3/avr5\libgcc.a(_udivmodhi4.o)
                              ./MCAL/timers.o (__udivmodhi4)
c:/winavr-20100110/bin/../lib/gcc/avr/4.3.3/avr5\libgcc.a(_udivmodsi4.o)
                              ./MCAL/uart.o (__udivmodsi4)
c:/winavr-20100110/bin/../lib/gcc/avr/4.3.3/avr5\libgcc.a(_exit.o)
                              c:/winavr-20100110/bin/../lib/gcc/avr/4.3.3/../../../../avr/lib/avr5/crtm32.o (exit)
c:/winavr-20100110/bin/../lib/gcc/avr/4.3.3/avr5\libgcc.a(_copy_data.o)
                              ./APP/mc3.o (__do_copy_data)
c:/winavr-20100110/bin/../lib/gcc/avr/4.3.3/avr5\libgcc.a(_clear_bss.o)
                              ./MCAL/timers.o (__do_clear_bss)
c:/winavr-20100110/bin/../lib/gcc/avr/4.3.3/avr5\libgcc.a(_fixunssfsi.o)
                              ./HAL/keypad.o (__fixunssfsi)
c:/winavr-20100110/bin/../lib/gcc/avr/4.3.3/avr5\libgcc.a(_addsub_sf.o)
                              c:/winavr-20100110/bin/../lib/gcc/avr/4.3.3/avr5\libgcc.a(_fixunssfsi.o) (__subsf3)
c:/winavr-20100110/bin/../lib/gcc/avr/4.3.3/avr5\libgcc.a(_mul_sf.o)
                              ./HAL/keypad.o (__mulsf3)
c:/winavr-20100110/bin/../lib/gcc/avr/4.3.3/avr5\libgcc.a(_div_sf.o)
                              ./HAL/ultra_sonic.o (__divsf3)
c:/winavr-20100110/bin/../lib/gcc/avr/4.3.3/avr5\libgcc.a(_gt_sf.o)
                              ./HAL/keypad.o (__gtsf2)
c:/winavr-20100110/bin/../lib/gcc/avr/4.3.3/avr5\libgcc.a(_ge_sf.o)
                              c:/winavr-20100110/bin/../lib/gcc/avr/4.3.3/avr5\libgcc.a(_fixunssfsi.o) (__gesf2)
c:/winavr-20100110/bin/../lib/gcc/avr/4.3.3/avr5\libgcc.a(_lt_sf.o)
                              ./HAL/keypad.o (__ltsf2)
c:/winavr-20100110/bin/../lib/gcc/avr/4.3.3/avr5\libgcc.a(_sf_to_si.o)
                              c:/winavr-20100110/bin/../lib/gcc/avr/4.3.3/avr5\libgcc.a(_fixunssfsi.o) (__fixsfsi)
c:/winavr-20100110/bin/../lib/gcc/avr/4.3.3/avr5\libgcc.a(_thenan_sf.o)
                              c:/winavr-20100110/bin/../lib/gcc/avr/4.3.3/avr5\libgcc.a(_addsub_sf.o) (__thenan_sf)
c:/winavr-20100110/bin/../lib/gcc/avr/4.3.3/avr5\libgcc.a(_usi_to_sf.o)
                              ./HAL/ultra_sonic.o (__floatunsisf)
c:/winavr-20100110/bin/../lib/gcc/avr/4.3.3/avr5\libgcc.a(_prologue.o)
                              c:/winavr-20100110/bin/../lib/gcc/avr/4.3.3/avr5\libgcc.a(_addsub_sf.o) (__prologue_saves__)
c:/winavr-20100110/bin/../lib/gcc/avr/4.3.3/avr5\libgcc.a(_epilogue.o)
                              c:/winavr-20100110/bin/../lib/gcc/avr/4.3.3/avr5\libgcc.a(_addsub_sf.o) (__epilogue_restores__)
c:/winavr-20100110/bin/../lib/gcc/avr/4.3.3/avr5\libgcc.a(_clzsi2.o)
                              c:/winavr-20100110/bin/../lib/gcc/avr/4.3.3/avr5\libgcc.a(_usi_to_sf.o) (__clzsi2)
c:/winavr-20100110/bin/../lib/gcc/avr/4.3.3/avr5\libgcc.a(_pack_sf.o)
                              c:/winavr-20100110/bin/../lib/gcc/avr/4.3.3/avr5\libgcc.a(_addsub_sf.o) (__pack_f)
c:/winavr-20100110/bin/../lib/gcc/avr/4.3.3/avr5\libgcc.a(_unpack_sf.o)
                              c:/winavr-20100110/bin/../lib/gcc/avr/4.3.3/avr5\libgcc.a(_addsub_sf.o) (__unpack_f)
c:/winavr-20100110/bin/../lib/gcc/avr/4.3.3/avr5\libgcc.a(_fpcmp_parts_sf.o)
                              c:/winavr-20100110/bin/../lib/gcc/avr/4.3.3/avr5\libgcc.a(_gt_sf.o) (__fpcmp_parts_f)
c:/winavr-20100110/bin/../lib/gcc/avr/4.3.3/avr5\libgcc.a(_clz.o)
                              c:/winavr-20100110/bin/../lib/gcc/avr/4.3.3/avr5\libgcc.a(_clzsi2.o) (__clz_tab)
c:/winavr-20100110/bin/../lib/gcc/avr/4.3.3/../../../../avr/lib/avr5\libc.a(itoa.o)
                              ./HAL/lcd.o (itoa)
c:/winavr-20100110/bin/../lib/gcc/avr/4.3.3/../../../../avr/lib/avr5\libc.a(strrev.o)
                              c:/winavr-20100110/bin/../lib/gcc/avr/4.3.3/../../../../avr/lib/avr5\libc.a(itoa.o) (strrev)

Allocating common symbols
Common symbol       size              file

g2_tick             0x4               ./MCAL/timers.o
g_tick1             0x4               ./MCAL/timers.o
g_tick              0x4               ./MCAL/timers.o

Memory Configuration

Name             Origin             Length             Attributes
text             0x00000000         0x00020000         xr
data             0x00800060         0x0000ffa0         rw !x
eeprom           0x00810000         0x00010000         rw !x
fuse             0x00820000         0x00000400         rw !x
lock             0x00830000         0x00000400         rw !x
signature        0x00840000         0x00000400         rw !x
*default*        0x00000000         0xffffffff

Linker script and memory map

LOAD c:/winavr-20100110/bin/../lib/gcc/avr/4.3.3/../../../../avr/lib/avr5/crtm32.o
LOAD ./MCAL/GIE.o
LOAD ./MCAL/gpio.o
LOAD ./MCAL/interrupt.o
LOAD ./MCAL/spi.o
LOAD ./MCAL/timers.o
LOAD ./MCAL/twi.o
LOAD ./MCAL/uart.o
LOAD ./HAL/SevenSegment.o
LOAD ./HAL/external_eeprom.o
LOAD ./HAL/keypad.o
LOAD ./HAL/lcd.o
LOAD ./HAL/motor.o
LOAD ./HAL/motor2.o
LOAD ./HAL/ultra_sonic.o
LOAD ./APP/mc3.o
LOAD c:/winavr-20100110/bin/../lib/gcc/avr/4.3.3/avr5\libgcc.a
LOAD c:/winavr-20100110/bin/../lib/gcc/avr/4.3.3/../../../../avr/lib/avr5\libc.a
LOAD c:/winavr-20100110/bin/../lib/gcc/avr/4.3.3/avr5\libgcc.a

.hash
 *(.hash)

.dynsym
 *(.dynsym)

.dynstr
 *(.dynstr)

.gnu.version
 *(.gnu.version)

.gnu.version_d
 *(.gnu.version_d)

.gnu.version_r
 *(.gnu.version_r)

.rel.init
 *(.rel.init)

.rela.init
 *(.rela.init)

.rel.text
 *(.rel.text)
 *(.rel.text.*)
 *(.rel.gnu.linkonce.t*)

.rela.text
 *(.rela.text)
 *(.rela.text.*)
 *(.rela.gnu.linkonce.t*)

.rel.fini
 *(.rel.fini)

.rela.fini
 *(.rela.fini)

.rel.rodata
 *(.rel.rodata)
 *(.rel.rodata.*)
 *(.rel.gnu.linkonce.r*)

.rela.rodata
 *(.rela.rodata)
 *(.rela.rodata.*)
 *(.rela.gnu.linkonce.r*)

.rel.data
 *(.rel.data)
 *(.rel.data.*)
 *(.rel.gnu.linkonce.d*)

.rela.data
 *(.rela.data)
 *(.rela.data.*)
 *(.rela.gnu.linkonce.d*)

.rel.ctors
 *(.rel.ctors)

.rela.ctors
 *(.rela.ctors)

.rel.dtors
 *(.rel.dtors)

.rela.dtors
 *(.rela.dtors)

.rel.got
 *(.rel.got)

.rela.got
 *(.rela.got)

.rel.bss
 *(.rel.bss)

.rela.bss
 *(.rela.bss)

.rel.plt
 *(.rel.plt)

.rela.plt
 *(.rela.plt)

.text           0x00000000     0x5bc4
 *(.vectors)
 .vectors       0x00000000       0x54 c:/winavr-20100110/bin/../lib/gcc/avr/4.3.3/../../../../avr/lib/avr5/crtm32.o
                0x00000000                __vectors
                0x00000000                __vector_default
 *(.vectors)
 *(.progmem.gcc*)
 *(.progmem*)
                0x00000054                . = ALIGN (0x2)
                0x00000054                __trampolines_start = .
 *(.trampolines)
 .trampolines   0x00000054        0x0 linker stubs
 *(.trampolines*)
                0x00000054                __trampolines_end = .
 *(.jumptables)
 *(.jumptables*)
 *(.lowtext)
 *(.lowtext*)
                0x00000054                __ctors_start = .
 *(.ctors)
                0x00000054                __ctors_end = .
                0x00000054                __dtors_start = .
 *(.dtors)
                0x00000054                __dtors_end = .
 SORT(*)(.ctors)
 SORT(*)(.dtors)
 *(.init0)
 .init0         0x00000054        0x0 c:/winavr-20100110/bin/../lib/gcc/avr/4.3.3/../../../../avr/lib/avr5/crtm32.o
                0x00000054                __init
 *(.init0)
 *(.init1)
 *(.init1)
 *(.init2)
 .init2         0x00000054        0xc c:/winavr-20100110/bin/../lib/gcc/avr/4.3.3/../../../../avr/lib/avr5/crtm32.o
 *(.init2)
 *(.init3)
 *(.init3)
 *(.init4)
 .init4         0x00000060       0x16 c:/winavr-20100110/bin/../lib/gcc/avr/4.3.3/avr5\libgcc.a(_copy_data.o)
                0x00000060                __do_copy_data
 .init4         0x00000076       0x10 c:/winavr-20100110/bin/../lib/gcc/avr/4.3.3/avr5\libgcc.a(_clear_bss.o)
                0x00000076                __do_clear_bss
 *(.init4)
 *(.init5)
 *(.init5)
 *(.init6)
 *(.init6)
 *(.init7)
 *(.init7)
 *(.init8)
 *(.init8)
 *(.init9)
 .init9         0x00000086        0x8 c:/winavr-20100110/bin/../lib/gcc/avr/4.3.3/../../../../avr/lib/avr5/crtm32.o
 *(.init9)
 *(.text)
 .text          0x0000008e        0x4 c:/winavr-20100110/bin/../lib/gcc/avr/4.3.3/../../../../avr/lib/avr5/crtm32.o
                0x0000008e                __vector_1
                0x0000008e                __vector_12
                0x0000008e                __bad_interrupt
                0x0000008e                __vector_3
                0x0000008e                __vector_13
                0x0000008e                __vector_17
                0x0000008e                __vector_19
                0x0000008e                __vector_2
                0x0000008e                __vector_15
                0x0000008e                __vector_8
                0x0000008e                __vector_14
                0x0000008e                __vector_16
                0x0000008e                __vector_18
                0x0000008e                __vector_20
 .text          0x00000092        0x0 ./MCAL/GIE.o
 .text          0x00000092        0x0 ./MCAL/gpio.o
 .text          0x00000092        0x0 ./MCAL/interrupt.o
 .text          0x00000092        0x0 ./MCAL/spi.o
 .text          0x00000092        0x0 ./MCAL/timers.o
 .text          0x00000092        0x0 ./MCAL/twi.o
 .text          0x00000092        0x0 ./MCAL/uart.o
 .text          0x00000092        0x0 ./HAL/SevenSegment.o
 .text          0x00000092        0x0 ./HAL/external_eeprom.o
 .text          0x00000092        0x0 ./HAL/keypad.o
 .text          0x00000092        0x0 ./HAL/lcd.o
 .text          0x00000092        0x0 ./HAL/motor.o
 .text          0x00000092        0x0 ./HAL/motor2.o
 .text          0x00000092        0x0 ./HAL/ultra_sonic.o
 .text          0x00000092        0x0 ./APP/mc3.o
 .text          0x00000092        0x0 c:/winavr-20100110/bin/../lib/gcc/avr/4.3.3/avr5\libgcc.a(_udivmodhi4.o)
 .text          0x00000092        0x0 c:/winavr-20100110/bin/../lib/gcc/avr/4.3.3/avr5\libgcc.a(_udivmodsi4.o)
 .text          0x00000092        0x0 c:/winavr-20100110/bin/../lib/gcc/avr/4.3.3/avr5\libgcc.a(_exit.o)
 .text          0x00000092        0x0 c:/winavr-20100110/bin/../lib/gcc/avr/4.3.3/avr5\libgcc.a(_copy_data.o)
 .text          0x00000092        0x0 c:/winavr-20100110/bin/../lib/gcc/avr/4.3.3/avr5\libgcc.a(_clear_bss.o)
 .text          0x00000092       0x58 c:/winavr-20100110/bin/../lib/gcc/avr/4.3.3/avr5\libgcc.a(_fixunssfsi.o)
                0x00000092                __fixunssfsi
 .text          0x000000ea      0x354 c:/winavr-20100110/bin/../lib/gcc/avr/4.3.3/avr5\libgcc.a(_addsub_sf.o)
                0x00000382                __subsf3
                0x000003e4                __addsf3
 .text          0x0000043e      0x1f4 c:/winavr-20100110/bin/../lib/gcc/avr/4.3.3/avr5\libgcc.a(_mul_sf.o)
                0x0000043e                __mulsf3
 .text          0x00000632      0x158 c:/winavr-20100110/bin/../lib/gcc/avr/4.3.3/avr5\libgcc.a(_div_sf.o)
                0x00000632                __divsf3
 .text          0x0000078a       0x60 c:/winavr-20100110/bin/../lib/gcc/avr/4.3.3/avr5\libgcc.a(_gt_sf.o)
                0x0000078a                __gtsf2
 .text          0x000007ea       0x60 c:/winavr-20100110/bin/../lib/gcc/avr/4.3.3/avr5\libgcc.a(_ge_sf.o)
                0x000007ea                __gesf2
 .text          0x0000084a       0x60 c:/winavr-20100110/bin/../lib/gcc/avr/4.3.3/avr5\libgcc.a(_lt_sf.o)
                0x0000084a                __ltsf2
 .text          0x000008aa       0xa8 c:/winavr-20100110/bin/../lib/gcc/avr/4.3.3/avr5\libgcc.a(_sf_to_si.o)
                0x000008aa                __fixsfsi
 .text          0x00000952        0x0 c:/winavr-20100110/bin/../lib/gcc/avr/4.3.3/avr5\libgcc.a(_thenan_sf.o)
 .text          0x00000952       0xf2 c:/winavr-20100110/bin/../lib/gcc/avr/4.3.3/avr5\libgcc.a(_usi_to_sf.o)
                0x00000952                __floatunsisf
 .text          0x00000a44        0x0 c:/winavr-20100110/bin/../lib/gcc/avr/4.3.3/avr5\libgcc.a(_prologue.o)
 .text          0x00000a44        0x0 c:/winavr-20100110/bin/../lib/gcc/avr/4.3.3/avr5\libgcc.a(_epilogue.o)
 .text          0x00000a44       0x9e c:/winavr-20100110/bin/../lib/gcc/avr/4.3.3/avr5\libgcc.a(_clzsi2.o)
                0x00000a44                __clzsi2
 .text          0x00000ae2      0x1aa c:/winavr-20100110/bin/../lib/gcc/avr/4.3.3/avr5\libgcc.a(_pack_sf.o)
                0x00000ae2                __pack_f
 .text          0x00000c8c       0xf0 c:/winavr-20100110/bin/../lib/gcc/avr/4.3.3/avr5\libgcc.a(_unpack_sf.o)
                0x00000c8c                __unpack_f
 .text          0x00000d7c       0xb2 c:/winavr-20100110/bin/../lib/gcc/avr/4.3.3/avr5\libgcc.a(_fpcmp_parts_sf.o)
                0x00000d7c                __fpcmp_parts_f
 .text          0x00000e2e        0x0 c:/winavr-20100110/bin/../lib/gcc/avr/4.3.3/avr5\libgcc.a(_clz.o)
 .text          0x00000e2e        0x0 c:/winavr-20100110/bin/../lib/gcc/avr/4.3.3/../../../../avr/lib/avr5\libc.a(itoa.o)
 .text          0x00000e2e        0x0 c:/winavr-20100110/bin/../lib/gcc/avr/4.3.3/../../../../avr/lib/avr5\libc.a(strrev.o)
                0x00000e2e                . = ALIGN (0x2)
 *(.text.*)
 .text.GIE_Enabled
                0x00000e2e       0x1c ./MCAL/GIE.o
                0x00000e2e                GIE_Enabled
 .text.GIE_Disabled
                0x00000e4a       0x1c ./MCAL/GIE.o
                0x00000e4a                GIE_Disabled
 .text.GPIO_setupPinDirection
                0x00000e66      0x1d6 ./MCAL/gpio.o
                0x00000e66                GPIO_setupPinDirection
 .text.GPIO_writePin
                0x0000103c      0x1d6 ./MCAL/gpio.o
                0x0000103c                GPIO_writePin
 .text.GPIO_readPin
                0x00001212      0x136 ./MCAL/gpio.o
                0x00001212                GPIO_readPin
 .text.GPIO_setupPortDirection
                0x00001348       0x88 ./MCAL/gpio.o
                0x00001348                GPIO_setupPortDirection
 .text.GPIO_writePort
                0x000013d0       0x88 ./MCAL/gpio.o
                0x000013d0                GPIO_writePort
 .text.GPIO_readPort
                0x00001458       0x8a ./MCAL/gpio.o
                0x00001458                GPIO_readPort
 .text.INT0_Init
                0x000014e2       0x42 ./MCAL/interrupt.o
                0x000014e2                INT0_Init
 .text.INT1_Init
                0x00001524       0x42 ./MCAL/interrupt.o
                0x00001524                INT1_Init
 .text.INT2_Init
                0x00001566       0x42 ./MCAL/interrupt.o
                0x00001566                INT2_Init
 .text.SPI_initMaster
                0x000015a8       0x70 ./MCAL/spi.o
                0x000015a8                SPI_initMaster
 .text.SPI_initSlave
                0x00001618       0x5a ./MCAL/spi.o
                0x00001618                SPI_initSlave
 .text.SPI_sendReceiveByte
                0x00001672       0x2c ./MCAL/spi.o
                0x00001672                SPI_sendReceiveByte
 .text.SPI_sendString
                0x0000169e       0x58 ./MCAL/spi.o
                0x0000169e                SPI_sendString
 .text.SPI_receiveString
                0x000016f6       0x8a ./MCAL/spi.o
                0x000016f6                SPI_receiveString
 .text.__vector_5
                0x00001780       0x66 ./MCAL/timers.o
                0x00001780                __vector_5
 .text.__vector_6
                0x000017e6       0x66 ./MCAL/timers.o
                0x000017e6                __vector_6
 .text.__vector_9
                0x0000184c       0x66 ./MCAL/timers.o
                0x0000184c                __vector_9
 .text.__vector_11
                0x000018b2       0x66 ./MCAL/timers.o
                0x000018b2                __vector_11
 .text.__vector_10
                0x00001918       0x66 ./MCAL/timers.o
                0x00001918                __vector_10
 .text.TIMER0_init
                0x0000197e      0x18e ./MCAL/timers.o
                0x0000197e                TIMER0_init
 .text.TIMER0_deInit
                0x00001b0c       0x60 ./MCAL/timers.o
                0x00001b0c                TIMER0_deInit
 .text.delay0   0x00001b6c       0x7c ./MCAL/timers.o
                0x00001b6c                delay0
 .text.TIMER0_tick
                0x00001be8       0x34 ./MCAL/timers.o
                0x00001be8                TIMER0_tick
 .text.TIMER0_setCallBack
                0x00001c1c       0x24 ./MCAL/timers.o
                0x00001c1c                TIMER0_setCallBack
 .text.PWM_TIMER0_Start
                0x00001c40       0xac ./MCAL/timers.o
                0x00001c40                PWM_TIMER0_Start
 .text.TIMER1_init
                0x00001cec      0x29a ./MCAL/timers.o
                0x00001cec                TIMER1_init
 .text.TIMER1_deInit
                0x00001f86       0x6a ./MCAL/timers.o
                0x00001f86                TIMER1_deInit
 .text.delay1   0x00001ff0       0x7c ./MCAL/timers.o
                0x00001ff0                delay1
 .text.TIMER1_tick
                0x0000206c       0x34 ./MCAL/timers.o
                0x0000206c                TIMER1_tick
 .text.TIMER1_setCallBack
                0x000020a0       0x24 ./MCAL/timers.o
                0x000020a0                TIMER1_setCallBack
 .text.TIMER1_ICU_Enable
                0x000020c4       0x8e ./MCAL/timers.o
                0x000020c4                TIMER1_ICU_Enable
 .text.TIMER1_ICU_Disable
                0x00002152       0x1c ./MCAL/timers.o
                0x00002152                TIMER1_ICU_Disable
 .text.TIMER1_ICU_GetTCNT1
                0x0000216e       0x16 ./MCAL/timers.o
                0x0000216e                TIMER1_ICU_GetTCNT1
 .text.TIMER1_ICU_SetTCNT1
                0x00002184       0x20 ./MCAL/timers.o
                0x00002184                TIMER1_ICU_SetTCNT1
 .text.Icu_setCallBack
                0x000021a4       0x24 ./MCAL/timers.o
                0x000021a4                Icu_setCallBack
 .text.Icu_setEdgeDetectionType
                0x000021c8       0x3e ./MCAL/timers.o
                0x000021c8                Icu_setEdgeDetectionType
 .text.Icu_clearTimerValue
                0x00002206       0x16 ./MCAL/timers.o
                0x00002206                Icu_clearTimerValue
 .text.TIMER2_init
                0x0000221c      0x194 ./MCAL/timers.o
                0x0000221c                TIMER2_init
 .text.TIMER2_deInit
                0x000023b0       0x60 ./MCAL/timers.o
                0x000023b0                TIMER2_deInit
 .text.delay2   0x00002410       0x7c ./MCAL/timers.o
                0x00002410                delay2
 .text.TIMER2_tick
                0x0000248c       0x34 ./MCAL/timers.o
                0x0000248c                TIMER2_tick
 .text.TIMER2_setCallBack
                0x000024c0       0x24 ./MCAL/timers.o
                0x000024c0                TIMER2_setCallBack
 .text.PWM_TIMER2_Start
                0x000024e4       0x9e ./MCAL/timers.o
                0x000024e4                PWM_TIMER2_Start
 .text.TWI_init
                0x00002582       0x48 ./MCAL/twi.o
                0x00002582                TWI_init
 .text.TWI_voidSlaveInit
                0x000025ca       0x2c ./MCAL/twi.o
                0x000025ca                TWI_voidSlaveInit
 .text.TWI_start
                0x000025f6       0x20 ./MCAL/twi.o
                0x000025f6                TWI_start
 .text.TWI_stop
                0x00002616       0x16 ./MCAL/twi.o
                0x00002616                TWI_stop
 .text.I2C_SendSlaveAddressWithWrite
                0x0000262c       0x70 ./MCAL/twi.o
                0x0000262c                I2C_SendSlaveAddressWithWrite
 .text.I2C_SendSlaveAddressWithRead
                0x0000269c       0x7c ./MCAL/twi.o
                0x0000269c                I2C_SendSlaveAddressWithRead
 .text.TWI_writeByte
                0x00002718       0x2e ./MCAL/twi.o
                0x00002718                TWI_writeByte
 .text.TWI_readByteWithACK
                0x00002746       0x26 ./MCAL/twi.o
                0x00002746                TWI_readByteWithACK
 .text.TWI_readByteWithNACK
                0x0000276c       0x26 ./MCAL/twi.o
                0x0000276c                TWI_readByteWithNACK
 .text.TWI_getStatus
                0x00002792       0x1e ./MCAL/twi.o
                0x00002792                TWI_getStatus
 .text.UART_init
                0x000027b0       0x98 ./MCAL/uart.o
                0x000027b0                UART_init
 .text.UART_sendByte
                0x00002848       0x2e ./MCAL/uart.o
                0x00002848                UART_sendByte
 .text.UART_recieveByte
                0x00002876       0x1e ./MCAL/uart.o
                0x00002876                UART_recieveByte
 .text.UART_sendString
                0x00002894       0x52 ./MCAL/uart.o
                0x00002894                UART_sendString
 .text.UART_receiveString
                0x000028e6       0x86 ./MCAL/uart.o
                0x000028e6                UART_receiveString
 .text.INIT_SevenSegment_Display
                0x0000296c       0x68 ./HAL/SevenSegment.o
                0x0000296c                INIT_SevenSegment_Display
 .text.Display_SevenSegment
                0x000029d4      0x38c ./HAL/SevenSegment.o
                0x000029d4                Display_SevenSegment
 .text.EEPROM_writeByte
                0x00002d60       0x82 ./HAL/external_eeprom.o
                0x00002d60                EEPROM_writeByte
 .text.EEPROM_readByte
                0x00002de2       0xc0 ./HAL/external_eeprom.o
                0x00002de2                EEPROM_readByte
 .text.KEYPAD_getPressedKey
                0x00002ea2      0x1c8 ./HAL/keypad.o
                0x00002ea2                KEYPAD_getPressedKey
 .text.KEYPAD_4x4_adjustKeyNumber
                0x0000306a      0x14e ./HAL/keypad.o
 .text.LCD_init
                0x000031b8      0x164 ./HAL/lcd.o
                0x000031b8                LCD_init
 .text.LCD_sendCommand
                0x0000331c      0x8f6 ./HAL/lcd.o
                0x0000331c                LCD_sendCommand
 .text.LCD_displayCharacter
                0x00003c12      0x8f6 ./HAL/lcd.o
                0x00003c12                LCD_displayCharacter
 .text.LCD_displayString
                0x00004508       0x52 ./HAL/lcd.o
                0x00004508                LCD_displayString
 .text.LCD_moveCursor
                0x0000455a       0x84 ./HAL/lcd.o
                0x0000455a                LCD_moveCursor
 .text.LCD_displayStringRowColumn
                0x000045de       0x32 ./HAL/lcd.o
                0x000045de                LCD_displayStringRowColumn
 .text.LCD_intgerToString
                0x00004610       0x46 ./HAL/lcd.o
                0x00004610                LCD_intgerToString
 .text.LCD_clearScreen
                0x00004656       0x14 ./HAL/lcd.o
                0x00004656                LCD_clearScreen
 .text.motor_init
                0x0000466a       0x36 ./HAL/motor.o
                0x0000466a                motor_init
 .text.changeSpeed
                0x000046a0       0x1e ./HAL/motor.o
                0x000046a0                changeSpeed
 .text.rotate_cw
                0x000046be       0x22 ./HAL/motor.o
                0x000046be                rotate_cw
 .text.rotate_acw
                0x000046e0       0x22 ./HAL/motor.o
                0x000046e0                rotate_acw
 .text.motor_stop
                0x00004702       0x22 ./HAL/motor.o
                0x00004702                motor_stop
 .text.motor2_init
                0x00004724       0x36 ./HAL/motor2.o
                0x00004724                motor2_init
 .text.changeSpeed2
                0x0000475a       0x1e ./HAL/motor2.o
                0x0000475a                changeSpeed2
 .text.rotate2_cw
                0x00004778       0x22 ./HAL/motor2.o
                0x00004778                rotate2_cw
 .text.rotate2_acw
                0x0000479a       0x22 ./HAL/motor2.o
                0x0000479a                rotate2_acw
 .text.motor2_stop
                0x000047bc       0x22 ./HAL/motor2.o
                0x000047bc                motor2_stop
 .text.Ultrasonic_edgeProcessing
                0x000047de       0x4e ./HAL/ultra_sonic.o
                0x000047de                Ultrasonic_edgeProcessing
 .text.Ultrasonic_init
                0x0000482c       0x6a ./HAL/ultra_sonic.o
                0x0000482c                Ultrasonic_init
 .text.Ultrasonic_Trigger
                0x00004896      0x1b6 ./HAL/ultra_sonic.o
                0x00004896                Ultrasonic_Trigger
 .text.Ultrasonic_readDistance
                0x00004a4c       0x6c ./HAL/ultra_sonic.o
                0x00004a4c                Ultrasonic_readDistance
 .text.__vector_7
                0x00004ab8       0x9c ./APP/mc3.o
                0x00004ab8                __vector_7
 .text.display_seven_sagement
                0x00004b54      0xcca ./APP/mc3.o
                0x00004b54                display_seven_sagement
 .text.__vector_4
                0x0000581e       0x96 ./APP/mc3.o
                0x0000581e                __vector_4
 .text.Timer1_CTC
                0x000058b4       0x40 ./APP/mc3.o
                0x000058b4                Timer1_CTC
 .text.main     0x000058f4      0x190 ./APP/mc3.o
                0x000058f4                main
 .text.libgcc   0x00005a84       0x28 c:/winavr-20100110/bin/../lib/gcc/avr/4.3.3/avr5\libgcc.a(_udivmodhi4.o)
                0x00005a84                __udivmodhi4
 .text.libgcc   0x00005aac       0x44 c:/winavr-20100110/bin/../lib/gcc/avr/4.3.3/avr5\libgcc.a(_udivmodsi4.o)
                0x00005aac                __udivmodsi4
 .text.libgcc   0x00005af0        0x0 c:/winavr-20100110/bin/../lib/gcc/avr/4.3.3/avr5\libgcc.a(_exit.o)
 .text.libgcc   0x00005af0        0x0 c:/winavr-20100110/bin/../lib/gcc/avr/4.3.3/avr5\libgcc.a(_copy_data.o)
 .text.libgcc   0x00005af0        0x0 c:/winavr-20100110/bin/../lib/gcc/avr/4.3.3/avr5\libgcc.a(_clear_bss.o)
 .text.libgcc   0x00005af0       0x38 c:/winavr-20100110/bin/../lib/gcc/avr/4.3.3/avr5\libgcc.a(_prologue.o)
                0x00005af0                __prologue_saves__
 .text.libgcc   0x00005b28       0x36 c:/winavr-20100110/bin/../lib/gcc/avr/4.3.3/avr5\libgcc.a(_epilogue.o)
                0x00005b28                __epilogue_restores__
 .text.avr-libc
                0x00005b5e       0x42 c:/winavr-20100110/bin/../lib/gcc/avr/4.3.3/../../../../avr/lib/avr5\libc.a(itoa.o)
                0x00005b5e                itoa
 .text.avr-libc
                0x00005ba0       0x20 c:/winavr-20100110/bin/../lib/gcc/avr/4.3.3/../../../../avr/lib/avr5\libc.a(strrev.o)
                0x00005ba0                strrev
                0x00005bc0                . = ALIGN (0x2)
 *(.fini9)
 .fini9         0x00005bc0        0x0 c:/winavr-20100110/bin/../lib/gcc/avr/4.3.3/avr5\libgcc.a(_exit.o)
                0x00005bc0                exit
                0x00005bc0                _exit
 *(.fini9)
 *(.fini8)
 *(.fini8)
 *(.fini7)
 *(.fini7)
 *(.fini6)
 *(.fini6)
 *(.fini5)
 *(.fini5)
 *(.fini4)
 *(.fini4)
 *(.fini3)
 *(.fini3)
 *(.fini2)
 *(.fini2)
 *(.fini1)
 *(.fini1)
 *(.fini0)
 .fini0         0x00005bc0        0x4 c:/winavr-20100110/bin/../lib/gcc/avr/4.3.3/avr5\libgcc.a(_exit.o)
 *(.fini0)
                0x00005bc4                _etext = .

.data           0x00800060      0x114 load address 0x00005bc4
                0x00800060                PROVIDE (__data_start, .)
 *(.data)
 .data          0x00800060        0x0 c:/winavr-20100110/bin/../lib/gcc/avr/4.3.3/../../../../avr/lib/avr5/crtm32.o
 .data          0x00800060        0x0 ./MCAL/GIE.o
 .data          0x00800060        0x0 ./MCAL/gpio.o
 .data          0x00800060        0x0 ./MCAL/interrupt.o
 .data          0x00800060        0x0 ./MCAL/spi.o
 .data          0x00800060        0x0 ./MCAL/timers.o
 .data          0x00800060        0x0 ./MCAL/twi.o
 .data          0x00800060        0x0 ./MCAL/uart.o
 .data          0x00800060        0x0 ./HAL/SevenSegment.o
 .data          0x00800060        0x0 ./HAL/external_eeprom.o
 .data          0x00800060        0x0 ./HAL/keypad.o
 .data          0x00800060        0x0 ./HAL/lcd.o
 .data          0x00800060        0x0 ./HAL/motor.o
 .data          0x00800060        0x0 ./HAL/motor2.o
 .data          0x00800060        0x0 ./HAL/ultra_sonic.o
 .data          0x00800060        0x0 ./APP/mc3.o
 .data          0x00800060        0x0 c:/winavr-20100110/bin/../lib/gcc/avr/4.3.3/avr5\libgcc.a(_udivmodhi4.o)
 .data          0x00800060        0x0 c:/winavr-20100110/bin/../lib/gcc/avr/4.3.3/avr5\libgcc.a(_udivmodsi4.o)
 .data          0x00800060        0x0 c:/winavr-20100110/bin/../lib/gcc/avr/4.3.3/avr5\libgcc.a(_exit.o)
 .data          0x00800060        0x0 c:/winavr-20100110/bin/../lib/gcc/avr/4.3.3/avr5\libgcc.a(_copy_data.o)
 .data          0x00800060        0x0 c:/winavr-20100110/bin/../lib/gcc/avr/4.3.3/avr5\libgcc.a(_clear_bss.o)
 .data          0x00800060        0x0 c:/winavr-20100110/bin/../lib/gcc/avr/4.3.3/avr5\libgcc.a(_fixunssfsi.o)
 .data          0x00800060        0x0 c:/winavr-20100110/bin/../lib/gcc/avr/4.3.3/avr5\libgcc.a(_addsub_sf.o)
 .data          0x00800060        0x0 c:/winavr-20100110/bin/../lib/gcc/avr/4.3.3/avr5\libgcc.a(_mul_sf.o)
 .data          0x00800060        0x0 c:/winavr-20100110/bin/../lib/gcc/avr/4.3.3/avr5\libgcc.a(_div_sf.o)
 .data          0x00800060        0x0 c:/winavr-20100110/bin/../lib/gcc/avr/4.3.3/avr5\libgcc.a(_gt_sf.o)
 .data          0x00800060        0x0 c:/winavr-20100110/bin/../lib/gcc/avr/4.3.3/avr5\libgcc.a(_ge_sf.o)
 .data          0x00800060        0x0 c:/winavr-20100110/bin/../lib/gcc/avr/4.3.3/avr5\libgcc.a(_lt_sf.o)
 .data          0x00800060        0x0 c:/winavr-20100110/bin/../lib/gcc/avr/4.3.3/avr5\libgcc.a(_sf_to_si.o)
 .data          0x00800060        0x8 c:/winavr-20100110/bin/../lib/gcc/avr/4.3.3/avr5\libgcc.a(_thenan_sf.o)
                0x00800060                __thenan_sf
 .data          0x00800068        0x0 c:/winavr-20100110/bin/../lib/gcc/avr/4.3.3/avr5\libgcc.a(_usi_to_sf.o)
 .data          0x00800068        0x0 c:/winavr-20100110/bin/../lib/gcc/avr/4.3.3/avr5\libgcc.a(_prologue.o)
 .data          0x00800068        0x0 c:/winavr-20100110/bin/../lib/gcc/avr/4.3.3/avr5\libgcc.a(_epilogue.o)
 .data          0x00800068        0x0 c:/winavr-20100110/bin/../lib/gcc/avr/4.3.3/avr5\libgcc.a(_clzsi2.o)
 .data          0x00800068        0x0 c:/winavr-20100110/bin/../lib/gcc/avr/4.3.3/avr5\libgcc.a(_pack_sf.o)
 .data          0x00800068        0x0 c:/winavr-20100110/bin/../lib/gcc/avr/4.3.3/avr5\libgcc.a(_unpack_sf.o)
 .data          0x00800068        0x0 c:/winavr-20100110/bin/../lib/gcc/avr/4.3.3/avr5\libgcc.a(_fpcmp_parts_sf.o)
 .data          0x00800068      0x100 c:/winavr-20100110/bin/../lib/gcc/avr/4.3.3/avr5\libgcc.a(_clz.o)
                0x00800068                __clz_tab
 .data          0x00800168        0x0 c:/winavr-20100110/bin/../lib/gcc/avr/4.3.3/../../../../avr/lib/avr5\libc.a(itoa.o)
 .data          0x00800168        0x0 c:/winavr-20100110/bin/../lib/gcc/avr/4.3.3/../../../../avr/lib/avr5\libc.a(strrev.o)
 *(.data*)
 *(.rodata)
 *(.rodata*)
 .rodata.C.31.1716
                0x00800168        0x6 ./APP/mc3.o
 .rodata.C.30.1715
                0x0080016e        0x6 ./APP/mc3.o
 *(.gnu.linkonce.d*)
                0x00800174                . = ALIGN (0x2)
                0x00800174                _edata = .
                0x00800174                PROVIDE (__data_end, .)

.bss            0x00800174       0x28
                0x00800174                PROVIDE (__bss_start, .)
 *(.bss)
 .bss           0x00800174        0x0 c:/winavr-20100110/bin/../lib/gcc/avr/4.3.3/../../../../avr/lib/avr5/crtm32.o
 .bss           0x00800174        0x0 ./MCAL/GIE.o
 .bss           0x00800174        0x0 ./MCAL/gpio.o
 .bss           0x00800174        0x0 ./MCAL/interrupt.o
 .bss           0x00800174        0x0 ./MCAL/spi.o
 .bss           0x00800174        0x0 ./MCAL/timers.o
 .bss           0x00800174        0x0 ./MCAL/twi.o
 .bss           0x00800174        0x0 ./MCAL/uart.o
 .bss           0x00800174        0x0 ./HAL/SevenSegment.o
 .bss           0x00800174        0x0 ./HAL/external_eeprom.o
 .bss           0x00800174        0x0 ./HAL/keypad.o
 .bss           0x00800174        0x0 ./HAL/lcd.o
 .bss           0x00800174        0x0 ./HAL/motor.o
 .bss           0x00800174        0x0 ./HAL/motor2.o
 .bss           0x00800174        0x0 ./HAL/ultra_sonic.o
 .bss           0x00800174        0x0 ./APP/mc3.o
 .bss           0x00800174        0x0 c:/winavr-20100110/bin/../lib/gcc/avr/4.3.3/avr5\libgcc.a(_udivmodhi4.o)
 .bss           0x00800174        0x0 c:/winavr-20100110/bin/../lib/gcc/avr/4.3.3/avr5\libgcc.a(_udivmodsi4.o)
 .bss           0x00800174        0x0 c:/winavr-20100110/bin/../lib/gcc/avr/4.3.3/avr5\libgcc.a(_exit.o)
 .bss           0x00800174        0x0 c:/winavr-20100110/bin/../lib/gcc/avr/4.3.3/avr5\libgcc.a(_copy_data.o)
 .bss           0x00800174        0x0 c:/winavr-20100110/bin/../lib/gcc/avr/4.3.3/avr5\libgcc.a(_clear_bss.o)
 .bss           0x00800174        0x0 c:/winavr-20100110/bin/../lib/gcc/avr/4.3.3/avr5\libgcc.a(_fixunssfsi.o)
 .bss           0x00800174        0x0 c:/winavr-20100110/bin/../lib/gcc/avr/4.3.3/avr5\libgcc.a(_addsub_sf.o)
 .bss           0x00800174        0x0 c:/winavr-20100110/bin/../lib/gcc/avr/4.3.3/avr5\libgcc.a(_mul_sf.o)
 .bss           0x00800174        0x0 c:/winavr-20100110/bin/../lib/gcc/avr/4.3.3/avr5\libgcc.a(_div_sf.o)
 .bss           0x00800174        0x0 c:/winavr-20100110/bin/../lib/gcc/avr/4.3.3/avr5\libgcc.a(_gt_sf.o)
 .bss           0x00800174        0x0 c:/winavr-20100110/bin/../lib/gcc/avr/4.3.3/avr5\libgcc.a(_ge_sf.o)
 .bss           0x00800174        0x0 c:/winavr-20100110/bin/../lib/gcc/avr/4.3.3/avr5\libgcc.a(_lt_sf.o)
 .bss           0x00800174        0x0 c:/winavr-20100110/bin/../lib/gcc/avr/4.3.3/avr5\libgcc.a(_sf_to_si.o)
 .bss           0x00800174        0x0 c:/winavr-20100110/bin/../lib/gcc/avr/4.3.3/avr5\libgcc.a(_thenan_sf.o)
 .bss           0x00800174        0x0 c:/winavr-20100110/bin/../lib/gcc/avr/4.3.3/avr5\libgcc.a(_usi_to_sf.o)
 .bss           0x00800174        0x0 c:/winavr-20100110/bin/../lib/gcc/avr/4.3.3/avr5\libgcc.a(_prologue.o)
 .bss           0x00800174        0x0 c:/winavr-20100110/bin/../lib/gcc/avr/4.3.3/avr5\libgcc.a(_epilogue.o)
 .bss           0x00800174        0x0 c:/winavr-20100110/bin/../lib/gcc/avr/4.3.3/avr5\libgcc.a(_clzsi2.o)
 .bss           0x00800174        0x0 c:/winavr-20100110/bin/../lib/gcc/avr/4.3.3/avr5\libgcc.a(_pack_sf.o)
 .bss           0x00800174        0x0 c:/winavr-20100110/bin/../lib/gcc/avr/4.3.3/avr5\libgcc.a(_unpack_sf.o)
 .bss           0x00800174        0x0 c:/winavr-20100110/bin/../lib/gcc/avr/4.3.3/avr5\libgcc.a(_fpcmp_parts_sf.o)
 .bss           0x00800174        0x0 c:/winavr-20100110/bin/../lib/gcc/avr/4.3.3/avr5\libgcc.a(_clz.o)
 .bss           0x00800174        0x0 c:/winavr-20100110/bin/../lib/gcc/avr/4.3.3/../../../../avr/lib/avr5\libc.a(itoa.o)
 .bss           0x00800174        0x0 c:/winavr-20100110/bin/../lib/gcc/avr/4.3.3/../../../../avr/lib/avr5\libc.a(strrev.o)
 *(.bss*)
 .bss.Timer0_CALLBACK_Fptr
                0x00800174        0x2 ./MCAL/timers.o
                0x00800174                Timer0_CALLBACK_Fptr
 .bss.Timer1_CALLBACK_Fptr
                0x00800176        0x2 ./MCAL/timers.o
                0x00800176                Timer1_CALLBACK_Fptr
 .bss.Timer2_CALLBACK_Fptr
                0x00800178        0x2 ./MCAL/timers.o
                0x00800178                Timer2_CALLBACK_Fptr
 .bss.g_callBackPtr
                0x0080017a        0x2 ./MCAL/timers.o
 .bss.distance  0x0080017c        0x4 ./HAL/ultra_sonic.o
                0x0080017c                distance
 .bss.g_edgeCount
                0x00800180        0x1 ./HAL/ultra_sonic.o
                0x00800180                g_edgeCount
 .bss.g_timeHigh
                0x00800181        0x2 ./HAL/ultra_sonic.o
                0x00800181                g_timeHigh
 .bss.num       0x00800183        0x1 ./APP/mc3.o
                0x00800183                num
 .bss.sec1      0x00800184        0x1 ./APP/mc3.o
                0x00800184                sec1
 .bss.sec2      0x00800185        0x1 ./APP/mc3.o
                0x00800185                sec2
 .bss.min1      0x00800186        0x1 ./APP/mc3.o
                0x00800186                min1
 .bss.min2      0x00800187        0x1 ./APP/mc3.o
                0x00800187                min2
 .bss.hour1     0x00800188        0x1 ./APP/mc3.o
                0x00800188                hour1
 .bss.hour2     0x00800189        0x1 ./APP/mc3.o
                0x00800189                hour2
 .bss.count_speed
                0x0080018a        0x1 ./APP/mc3.o
                0x0080018a                count_speed
 .bss.counter   0x0080018b        0x2 ./APP/mc3.o
                0x0080018b                counter
 .bss.flag      0x0080018d        0x1 ./APP/mc3.o
                0x0080018d                flag
 .bss.flag2     0x0080018e        0x1 ./APP/mc3.o
                0x0080018e                flag2
 .bss.direction
                0x0080018f        0x1 ./APP/mc3.o
                0x0080018f                direction
 *(COMMON)
 COMMON         0x00800190        0xc ./MCAL/timers.o
                0x00800190                g2_tick
                0x00800194                g_tick1
                0x00800198                g_tick
                0x0080019c                PROVIDE (__bss_end, .)
                0x00005bc4                __data_load_start = LOADADDR (.data)
                0x00005cd8                __data_load_end = (__data_load_start + SIZEOF (.data))

.noinit         0x0080019c        0x0
                0x0080019c                PROVIDE (__noinit_start, .)
 *(.noinit*)
                0x0080019c                PROVIDE (__noinit_end, .)
                0x0080019c                _end = .
                0x0080019c                PROVIDE (__heap_start, .)

.eeprom         0x00810000        0x0
 *(.eeprom*)
                0x00810000                __eeprom_end = .

.fuse
 *(.fuse)
 *(.lfuse)
 *(.hfuse)
 *(.efuse)

.lock
 *(.lock*)

.signature
 *(.signature*)

.stab           0x00000000     0x6078
 *(.stab)
 .stab          0x00000000      0x3cc ./MCAL/GIE.o
 .stab          0x000003cc      0x624 ./MCAL/gpio.o
                                0x870 (size before relaxing)
 .stab          0x000009f0      0x258 ./MCAL/interrupt.o
                                0x4e0 (size before relaxing)
 .stab          0x00000c48      0x3f0 ./MCAL/spi.o
                                0x678 (size before relaxing)
 .stab          0x00001038     0x1080 ./MCAL/timers.o
                               0x1308 (size before relaxing)
 .stab          0x000020b8      0x540 ./MCAL/twi.o
                                0x78c (size before relaxing)
 .stab          0x000025f8      0x384 ./MCAL/uart.o
                                0x5d0 (size before relaxing)
 .stab          0x0000297c      0x624 ./HAL/SevenSegment.o
                                0x7e0 (size before relaxing)
 .stab          0x00002fa0      0x33c ./HAL/external_eeprom.o
                                0x3d8 (size before relaxing)
 .stab          0x000032dc      0x4e0 ./HAL/keypad.o
                                0x6a8 (size before relaxing)
 .stab          0x000037bc     0x1020 ./HAL/lcd.o
                               0x1284 (size before relaxing)
 .stab          0x000047dc      0x288 ./HAL/motor.o
                                0x510 (size before relaxing)
 .stab          0x00004a64      0x288 ./HAL/motor2.o
                                0x510 (size before relaxing)
 .stab          0x00004cec      0x504 ./HAL/ultra_sonic.o
                                0x78c (size before relaxing)
 .stab          0x000051f0      0xe88 ./APP/mc3.o
                               0x1044 (size before relaxing)

.stabstr        0x00000000     0x31e5
 *(.stabstr)
 .stabstr       0x00000000     0x31e5 ./MCAL/GIE.o

.stab.excl
 *(.stab.excl)

.stab.exclstr
 *(.stab.exclstr)

.stab.index
 *(.stab.index)

.stab.indexstr
 *(.stab.indexstr)

.comment
 *(.comment)

.debug
 *(.debug)

.line
 *(.line)

.debug_srcinfo
 *(.debug_srcinfo)

.debug_sfnames
 *(.debug_sfnames)

.debug_aranges  0x00000000      0x1a0
 *(.debug_aranges)
 .debug_aranges
                0x00000000       0x20 c:/winavr-20100110/bin/../lib/gcc/avr/4.3.3/avr5\libgcc.a(_fixunssfsi.o)
 .debug_aranges
                0x00000020       0x20 c:/winavr-20100110/bin/../lib/gcc/avr/4.3.3/avr5\libgcc.a(_addsub_sf.o)
 .debug_aranges
                0x00000040       0x20 c:/winavr-20100110/bin/../lib/gcc/avr/4.3.3/avr5\libgcc.a(_mul_sf.o)
 .debug_aranges
                0x00000060       0x20 c:/winavr-20100110/bin/../lib/gcc/avr/4.3.3/avr5\libgcc.a(_div_sf.o)
 .debug_aranges
                0x00000080       0x20 c:/winavr-20100110/bin/../lib/gcc/avr/4.3.3/avr5\libgcc.a(_gt_sf.o)
 .debug_aranges
                0x000000a0       0x20 c:/winavr-20100110/bin/../lib/gcc/avr/4.3.3/avr5\libgcc.a(_ge_sf.o)
 .debug_aranges
                0x000000c0       0x20 c:/winavr-20100110/bin/../lib/gcc/avr/4.3.3/avr5\libgcc.a(_lt_sf.o)
 .debug_aranges
                0x000000e0       0x20 c:/winavr-20100110/bin/../lib/gcc/avr/4.3.3/avr5\libgcc.a(_sf_to_si.o)
 .debug_aranges
                0x00000100       0x20 c:/winavr-20100110/bin/../lib/gcc/avr/4.3.3/avr5\libgcc.a(_usi_to_sf.o)
 .debug_aranges
                0x00000120       0x20 c:/winavr-20100110/bin/../lib/gcc/avr/4.3.3/avr5\libgcc.a(_clzsi2.o)
 .debug_aranges
                0x00000140       0x20 c:/winavr-20100110/bin/../lib/gcc/avr/4.3.3/avr5\libgcc.a(_pack_sf.o)
 .debug_aranges
                0x00000160       0x20 c:/winavr-20100110/bin/../lib/gcc/avr/4.3.3/avr5\libgcc.a(_unpack_sf.o)
 .debug_aranges
                0x00000180       0x20 c:/winavr-20100110/bin/../lib/gcc/avr/4.3.3/avr5\libgcc.a(_fpcmp_parts_sf.o)

.debug_pubnames
                0x00000000      0x1f2
 *(.debug_pubnames)
 .debug_pubnames
                0x00000000       0x23 c:/winavr-20100110/bin/../lib/gcc/avr/4.3.3/avr5\libgcc.a(_fixunssfsi.o)
 .debug_pubnames
                0x00000023       0x2c c:/winavr-20100110/bin/../lib/gcc/avr/4.3.3/avr5\libgcc.a(_addsub_sf.o)
 .debug_pubnames
                0x0000004f       0x1f c:/winavr-20100110/bin/../lib/gcc/avr/4.3.3/avr5\libgcc.a(_mul_sf.o)
 .debug_pubnames
                0x0000006e       0x1f c:/winavr-20100110/bin/../lib/gcc/avr/4.3.3/avr5\libgcc.a(_div_sf.o)
 .debug_pubnames
                0x0000008d       0x1e c:/winavr-20100110/bin/../lib/gcc/avr/4.3.3/avr5\libgcc.a(_gt_sf.o)
 .debug_pubnames
                0x000000ab       0x1e c:/winavr-20100110/bin/../lib/gcc/avr/4.3.3/avr5\libgcc.a(_ge_sf.o)
 .debug_pubnames
                0x000000c9       0x1e c:/winavr-20100110/bin/../lib/gcc/avr/4.3.3/avr5\libgcc.a(_lt_sf.o)
 .debug_pubnames
                0x000000e7       0x20 c:/winavr-20100110/bin/../lib/gcc/avr/4.3.3/avr5\libgcc.a(_sf_to_si.o)
 .debug_pubnames
                0x00000107       0x22 c:/winavr-20100110/bin/../lib/gcc/avr/4.3.3/avr5\libgcc.a(_thenan_sf.o)
 .debug_pubnames
                0x00000129       0x24 c:/winavr-20100110/bin/../lib/gcc/avr/4.3.3/avr5\libgcc.a(_usi_to_sf.o)
 .debug_pubnames
                0x0000014d       0x1f c:/winavr-20100110/bin/../lib/gcc/avr/4.3.3/avr5\libgcc.a(_clzsi2.o)
 .debug_pubnames
                0x0000016c       0x1f c:/winavr-20100110/bin/../lib/gcc/avr/4.3.3/avr5\libgcc.a(_pack_sf.o)
 .debug_pubnames
                0x0000018b       0x21 c:/winavr-20100110/bin/../lib/gcc/avr/4.3.3/avr5\libgcc.a(_unpack_sf.o)
 .debug_pubnames
                0x000001ac       0x26 c:/winavr-20100110/bin/../lib/gcc/avr/4.3.3/avr5\libgcc.a(_fpcmp_parts_sf.o)
 .debug_pubnames
                0x000001d2       0x20 c:/winavr-20100110/bin/../lib/gcc/avr/4.3.3/avr5\libgcc.a(_clz.o)

.debug_info     0x00000000     0x240b
 *(.debug_info)
 .debug_info    0x00000000       0xb1 c:/winavr-20100110/bin/../lib/gcc/avr/4.3.3/avr5\libgcc.a(_fixunssfsi.o)
 .debug_info    0x000000b1      0x47a c:/winavr-20100110/bin/../lib/gcc/avr/4.3.3/avr5\libgcc.a(_addsub_sf.o)
 .debug_info    0x0000052b      0x485 c:/winavr-20100110/bin/../lib/gcc/avr/4.3.3/avr5\libgcc.a(_mul_sf.o)
 .debug_info    0x000009b0      0x3fc c:/winavr-20100110/bin/../lib/gcc/avr/4.3.3/avr5\libgcc.a(_div_sf.o)
 .debug_info    0x00000dac      0x27f c:/winavr-20100110/bin/../lib/gcc/avr/4.3.3/avr5\libgcc.a(_gt_sf.o)
 .debug_info    0x0000102b      0x27f c:/winavr-20100110/bin/../lib/gcc/avr/4.3.3/avr5\libgcc.a(_ge_sf.o)
 .debug_info    0x000012aa      0x27f c:/winavr-20100110/bin/../lib/gcc/avr/4.3.3/avr5\libgcc.a(_lt_sf.o)
 .debug_info    0x00001529      0x2b0 c:/winavr-20100110/bin/../lib/gcc/avr/4.3.3/avr5\libgcc.a(_sf_to_si.o)
 .debug_info    0x000017d9      0x12c c:/winavr-20100110/bin/../lib/gcc/avr/4.3.3/avr5\libgcc.a(_thenan_sf.o)
 .debug_info    0x00001905      0x206 c:/winavr-20100110/bin/../lib/gcc/avr/4.3.3/avr5\libgcc.a(_usi_to_sf.o)
 .debug_info    0x00001b0b      0x117 c:/winavr-20100110/bin/../lib/gcc/avr/4.3.3/avr5\libgcc.a(_clzsi2.o)
 .debug_info    0x00001c22      0x2df c:/winavr-20100110/bin/../lib/gcc/avr/4.3.3/avr5\libgcc.a(_pack_sf.o)
 .debug_info    0x00001f01      0x251 c:/winavr-20100110/bin/../lib/gcc/avr/4.3.3/avr5\libgcc.a(_unpack_sf.o)
 .debug_info    0x00002152      0x210 c:/winavr-20100110/bin/../lib/gcc/avr/4.3.3/avr5\libgcc.a(_fpcmp_parts_sf.o)
 .debug_info    0x00002362       0xa9 c:/winavr-20100110/bin/../lib/gcc/avr/4.3.3/avr5\libgcc.a(_clz.o)
 *(.gnu.linkonce.wi.*)

.debug_abbrev   0x00000000     0x1386
 *(.debug_abbrev)
 .debug_abbrev  0x00000000       0x5d c:/winavr-20100110/bin/../lib/gcc/avr/4.3.3/avr5\libgcc.a(_fixunssfsi.o)
 .debug_abbrev  0x0000005d      0x1ea c:/winavr-20100110/bin/../lib/gcc/avr/4.3.3/avr5\libgcc.a(_addsub_sf.o)
 .debug_abbrev  0x00000247      0x21b c:/winavr-20100110/bin/../lib/gcc/avr/4.3.3/avr5\libgcc.a(_mul_sf.o)
 .debug_abbrev  0x00000462      0x216 c:/winavr-20100110/bin/../lib/gcc/avr/4.3.3/avr5\libgcc.a(_div_sf.o)
 .debug_abbrev  0x00000678      0x15a c:/winavr-20100110/bin/../lib/gcc/avr/4.3.3/avr5\libgcc.a(_gt_sf.o)
 .debug_abbrev  0x000007d2      0x15a c:/winavr-20100110/bin/../lib/gcc/avr/4.3.3/avr5\libgcc.a(_ge_sf.o)
 .debug_abbrev  0x0000092c      0x15a c:/winavr-20100110/bin/../lib/gcc/avr/4.3.3/avr5\libgcc.a(_lt_sf.o)
 .debug_abbrev  0x00000a86      0x17f c:/winavr-20100110/bin/../lib/gcc/avr/4.3.3/avr5\libgcc.a(_sf_to_si.o)
 .debug_abbrev  0x00000c05       0xad c:/winavr-20100110/bin/../lib/gcc/avr/4.3.3/avr5\libgcc.a(_thenan_sf.o)
 .debug_abbrev  0x00000cb2      0x157 c:/winavr-20100110/bin/../lib/gcc/avr/4.3.3/avr5\libgcc.a(_usi_to_sf.o)
 .debug_abbrev  0x00000e09       0xc4 c:/winavr-20100110/bin/../lib/gcc/avr/4.3.3/avr5\libgcc.a(_clzsi2.o)
 .debug_abbrev  0x00000ecd      0x1c0 c:/winavr-20100110/bin/../lib/gcc/avr/4.3.3/avr5\libgcc.a(_pack_sf.o)
 .debug_abbrev  0x0000108d      0x154 c:/winavr-20100110/bin/../lib/gcc/avr/4.3.3/avr5\libgcc.a(_unpack_sf.o)
 .debug_abbrev  0x000011e1      0x13b c:/winavr-20100110/bin/../lib/gcc/avr/4.3.3/avr5\libgcc.a(_fpcmp_parts_sf.o)
 .debug_abbrev  0x0000131c       0x6a c:/winavr-20100110/bin/../lib/gcc/avr/4.3.3/avr5\libgcc.a(_clz.o)

.debug_line     0x00000000     0x11d6
 *(.debug_line)
 .debug_line    0x00000000       0xa7 c:/winavr-20100110/bin/../lib/gcc/avr/4.3.3/avr5\libgcc.a(_fixunssfsi.o)
 .debug_line    0x000000a7      0x2af c:/winavr-20100110/bin/../lib/gcc/avr/4.3.3/avr5\libgcc.a(_addsub_sf.o)
 .debug_line    0x00000356      0x239 c:/winavr-20100110/bin/../lib/gcc/avr/4.3.3/avr5\libgcc.a(_mul_sf.o)
 .debug_line    0x0000058f      0x1d5 c:/winavr-20100110/bin/../lib/gcc/avr/4.3.3/avr5\libgcc.a(_div_sf.o)
 .debug_line    0x00000764       0xd3 c:/winavr-20100110/bin/../lib/gcc/avr/4.3.3/avr5\libgcc.a(_gt_sf.o)
 .debug_line    0x00000837       0xd3 c:/winavr-20100110/bin/../lib/gcc/avr/4.3.3/avr5\libgcc.a(_ge_sf.o)
 .debug_line    0x0000090a       0xd3 c:/winavr-20100110/bin/../lib/gcc/avr/4.3.3/avr5\libgcc.a(_lt_sf.o)
 .debug_line    0x000009dd      0x109 c:/winavr-20100110/bin/../lib/gcc/avr/4.3.3/avr5\libgcc.a(_sf_to_si.o)
 .debug_line    0x00000ae6       0x90 c:/winavr-20100110/bin/../lib/gcc/avr/4.3.3/avr5\libgcc.a(_thenan_sf.o)
 .debug_line    0x00000b76      0x133 c:/winavr-20100110/bin/../lib/gcc/avr/4.3.3/avr5\libgcc.a(_usi_to_sf.o)
 .debug_line    0x00000ca9       0xa5 c:/winavr-20100110/bin/../lib/gcc/avr/4.3.3/avr5\libgcc.a(_clzsi2.o)
 .debug_line    0x00000d4e      0x18a c:/winavr-20100110/bin/../lib/gcc/avr/4.3.3/avr5\libgcc.a(_pack_sf.o)
 .debug_line    0x00000ed8      0x14b c:/winavr-20100110/bin/../lib/gcc/avr/4.3.3/avr5\libgcc.a(_unpack_sf.o)
 .debug_line    0x00001023      0x137 c:/winavr-20100110/bin/../lib/gcc/avr/4.3.3/avr5\libgcc.a(_fpcmp_parts_sf.o)
 .debug_line    0x0000115a       0x7c c:/winavr-20100110/bin/../lib/gcc/avr/4.3.3/avr5\libgcc.a(_clz.o)

.debug_frame    0x00000000      0x1c0
 *(.debug_frame)
 .debug_frame   0x00000000       0x20 c:/winavr-20100110/bin/../lib/gcc/avr/4.3.3/avr5\libgcc.a(_fixunssfsi.o)
 .debug_frame   0x00000020       0x40 c:/winavr-20100110/bin/../lib/gcc/avr/4.3.3/avr5\libgcc.a(_addsub_sf.o)
 .debug_frame   0x00000060       0x20 c:/winavr-20100110/bin/../lib/gcc/avr/4.3.3/avr5\libgcc.a(_mul_sf.o)
 .debug_frame   0x00000080       0x20 c:/winavr-20100110/bin/../lib/gcc/avr/4.3.3/avr5\libgcc.a(_div_sf.o)
 .debug_frame   0x000000a0       0x20 c:/winavr-20100110/bin/../lib/gcc/avr/4.3.3/avr5\libgcc.a(_gt_sf.o)
 .debug_frame   0x000000c0       0x20 c:/winavr-20100110/bin/../lib/gcc/avr/4.3.3/avr5\libgcc.a(_ge_sf.o)
 .debug_frame   0x000000e0       0x20 c:/winavr-20100110/bin/../lib/gcc/avr/4.3.3/avr5\libgcc.a(_lt_sf.o)
 .debug_frame   0x00000100       0x20 c:/winavr-20100110/bin/../lib/gcc/avr/4.3.3/avr5\libgcc.a(_sf_to_si.o)
 .debug_frame   0x00000120       0x20 c:/winavr-20100110/bin/../lib/gcc/avr/4.3.3/avr5\libgcc.a(_usi_to_sf.o)
 .debug_frame   0x00000140       0x20 c:/winavr-20100110/bin/../lib/gcc/avr/4.3.3/avr5\libgcc.a(_clzsi2.o)
 .debug_frame   0x00000160       0x20 c:/winavr-20100110/bin/../lib/gcc/avr/4.3.3/avr5\libgcc.a(_pack_sf.o)
 .debug_frame   0x00000180       0x20 c:/winavr-20100110/bin/../lib/gcc/avr/4.3.3/avr5\libgcc.a(_unpack_sf.o)
 .debug_frame   0x000001a0       0x20 c:/winavr-20100110/bin/../lib/gcc/avr/4.3.3/avr5\libgcc.a(_fpcmp_parts_sf.o)

.debug_str      0x00000000      0x2f6
 *(.debug_str)
 .debug_str     0x00000000       0xbf c:/winavr-20100110/bin/../lib/gcc/avr/4.3.3/avr5\libgcc.a(_fixunssfsi.o)
                                 0xfe (size before relaxing)
 .debug_str     0x000000bf      0x14d c:/winavr-20100110/bin/../lib/gcc/avr/4.3.3/avr5\libgcc.a(_addsub_sf.o)
                                0x206 (size before relaxing)
 .debug_str     0x0000020c       0x27 c:/winavr-20100110/bin/../lib/gcc/avr/4.3.3/avr5\libgcc.a(_mul_sf.o)
                                0x1bf (size before relaxing)
 .debug_str     0x00000233       0x35 c:/winavr-20100110/bin/../lib/gcc/avr/4.3.3/avr5\libgcc.a(_div_sf.o)
                                0x1c8 (size before relaxing)
 .debug_str     0x00000268        0x8 c:/winavr-20100110/bin/../lib/gcc/avr/4.3.3/avr5\libgcc.a(_gt_sf.o)
                                0x195 (size before relaxing)
 .debug_str     0x00000270        0x8 c:/winavr-20100110/bin/../lib/gcc/avr/4.3.3/avr5\libgcc.a(_ge_sf.o)
                                0x195 (size before relaxing)
 .debug_str     0x00000278        0x8 c:/winavr-20100110/bin/../lib/gcc/avr/4.3.3/avr5\libgcc.a(_lt_sf.o)
                                0x195 (size before relaxing)
 .debug_str     0x00000280        0xa c:/winavr-20100110/bin/../lib/gcc/avr/4.3.3/avr5\libgcc.a(_sf_to_si.o)
                                0x19e (size before relaxing)
 .debug_str     0x00000000      0x103 c:/winavr-20100110/bin/../lib/gcc/avr/4.3.3/avr5\libgcc.a(_thenan_sf.o)
 .debug_str     0x0000028a       0x21 c:/winavr-20100110/bin/../lib/gcc/avr/4.3.3/avr5\libgcc.a(_usi_to_sf.o)
                                0x177 (size before relaxing)
 .debug_str     0x000002ab       0x20 c:/winavr-20100110/bin/../lib/gcc/avr/4.3.3/avr5\libgcc.a(_clzsi2.o)
                                0x111 (size before relaxing)
 .debug_str     0x000002cb       0x10 c:/winavr-20100110/bin/../lib/gcc/avr/4.3.3/avr5\libgcc.a(_pack_sf.o)
                                0x19d (size before relaxing)
 .debug_str     0x000002db        0xb c:/winavr-20100110/bin/../lib/gcc/avr/4.3.3/avr5\libgcc.a(_unpack_sf.o)
                                0x17f (size before relaxing)
 .debug_str     0x000002e6       0x10 c:/winavr-20100110/bin/../lib/gcc/avr/4.3.3/avr5\libgcc.a(_fpcmp_parts_sf.o)
                                0x163 (size before relaxing)
 .debug_str     0x00000000       0xf4 c:/winavr-20100110/bin/../lib/gcc/avr/4.3.3/avr5\libgcc.a(_clz.o)

.debug_loc      0x00000000      0x96e
 *(.debug_loc)
 .debug_loc     0x00000000       0x34 c:/winavr-20100110/bin/../lib/gcc/avr/4.3.3/avr5\libgcc.a(_fixunssfsi.o)
 .debug_loc     0x00000034      0x32a c:/winavr-20100110/bin/../lib/gcc/avr/4.3.3/avr5\libgcc.a(_addsub_sf.o)
 .debug_loc     0x0000035e      0x104 c:/winavr-20100110/bin/../lib/gcc/avr/4.3.3/avr5\libgcc.a(_mul_sf.o)
 .debug_loc     0x00000462       0xc0 c:/winavr-20100110/bin/../lib/gcc/avr/4.3.3/avr5\libgcc.a(_div_sf.o)
 .debug_loc     0x00000522       0x3c c:/winavr-20100110/bin/../lib/gcc/avr/4.3.3/avr5\libgcc.a(_gt_sf.o)
 .debug_loc     0x0000055e       0x3c c:/winavr-20100110/bin/../lib/gcc/avr/4.3.3/avr5\libgcc.a(_ge_sf.o)
 .debug_loc     0x0000059a       0x3c c:/winavr-20100110/bin/../lib/gcc/avr/4.3.3/avr5\libgcc.a(_lt_sf.o)
 .debug_loc     0x000005d6       0x7e c:/winavr-20100110/bin/../lib/gcc/avr/4.3.3/avr5\libgcc.a(_sf_to_si.o)
 .debug_loc     0x00000654       0x4c c:/winavr-20100110/bin/../lib/gcc/avr/4.3.3/avr5\libgcc.a(_usi_to_sf.o)
 .debug_loc     0x000006a0       0x94 c:/winavr-20100110/bin/../lib/gcc/avr/4.3.3/avr5\libgcc.a(_clzsi2.o)
 .debug_loc     0x00000734      0x13e c:/winavr-20100110/bin/../lib/gcc/avr/4.3.3/avr5\libgcc.a(_pack_sf.o)
 .debug_loc     0x00000872       0xac c:/winavr-20100110/bin/../lib/gcc/avr/4.3.3/avr5\libgcc.a(_unpack_sf.o)
 .debug_loc     0x0000091e       0x50 c:/winavr-20100110/bin/../lib/gcc/avr/4.3.3/avr5\libgcc.a(_fpcmp_parts_sf.o)

.debug_macinfo
 *(.debug_macinfo)
OUTPUT(MC3_TIMER_7SAGEMANT.elf elf32-avr)
LOAD linker stubs

.debug_ranges   0x00000000       0x50
 .debug_ranges  0x00000000       0x50 c:/winavr-20100110/bin/../lib/gcc/avr/4.3.3/avr5\libgcc.a(_mul_sf.o)
